================================================================================
[신규 점수 기반 리밸런싱 로직 테스트] 2025-12-17
================================================================================
2025-12-17 23:00:30 | db.database_manager | INFO | 데이터베이스 초기화: d:\GIT\RoboTrader_quant\data\robotrader.db
2025-12-17 23:00:30 | db.database_manager | INFO | 데이터베이스 테이블 생성 완료

📌 설정된 임계값:
  - 긴급 매도 (Hard Stop): < 62.0점
  - 조건부 매도 (Soft Stop): 62.0~64.0점 AND > 50위
  - 안전 점수: >= 65.0점 (순위 무관 유지)
  - 안전 순위: <= 40위 (점수 무관 유지)
2025-12-17 23:00:30 | core.quant.quant_rebalancing_service | INFO | ✅ 가상 매매 보유 종목 조회: 30개
2025-12-17 23:00:30 | core.quant.quant_rebalancing_service | INFO | ✅ 목표 포트폴리오 로드: 20251217 (30개 종목)
2025-12-17 23:00:30 | core.quant.quant_rebalancing_service | INFO | ℹ️ 012330 유지 (점수 65.2 >= 65.0, 999위)
2025-12-17 23:00:30 | api.kis_auth | DEBUG | ✅ 기존 토큰 사용
2025-12-17 23:00:30 | api.kis_auth | INFO | ✅ KIS API 인증 헤더 설정 완료
2025-12-17 23:00:30 | api.kis_api_manager | INFO | ✅ KIS 인증 성공
2025-12-17 23:00:33 | core.quant.quant_rebalancing_service | INFO | 📊 리밸런싱 계획 (20251217): 매도 1개, 매수 2개, 유지 29개

================================================================================
[리밸런싱 계획 결과]
================================================================================

✅ 총계: 매도 1개, 매수 2개, 유지 29개


================================================================================
[매도 종목 상세]
================================================================================

🔵 포트폴리오 조정 (1개):
--------------------------------------------------------------------------------
  - 039490 키움증권: 포트폴리오 조정 (999위, 점수 64.4)

================================================================================
[유지 종목 상세] 29개
================================================================================

✅ 포트폴리오 내 (28개):
--------------------------------------------------------------------------------
  -  1위. 402340 SK스퀘어: 점수 75.2
  -  2위. 161390 한국타이어앤테크놀로지: 점수 73.9
  -  3위. 000050 경방: 점수 72.5
  -  4위. 009970 영원무역홀딩스: 점수 72.3
  -  5위. 019180 티에이치엔: 점수 72.0
  -  6위. 005800 신영와코루: 점수 71.7
  -  7위. 111770 영원무역: 점수 71.3
  -  8위. 033530 SJG세종: 점수 70.9
  -  9위. 004960 한신공영: 점수 69.6
  - 10위. 138490 코오롱ENP: 점수 69.0
  ... 외 18개

⭐ 포트폴리오 외 유지 (1개) - 점수/순위가 좋아서 유지:
--------------------------------------------------------------------------------
  - 999위. 012330 현대모비스: 점수 65.2

================================================================================
[매수 종목 상세] 2개
================================================================================
  - 27위. 234080 JW생명과학: 점수 65.7
  - 29위. 004000 롯데정밀화학: 점수 65.5

================================================================================
[비교 분석] 기존 로직 vs 신규 로직
================================================================================

📊 실제 매도된 종목 중 신규 로직에서는 유지될 종목:
--------------------------------------------------------------------------------
  - 000670 Stock_000670: 수익률 -19.07% (점수 61.2, 84위)
  - 009070 Stock_009070: 수익률 -10.14% (점수 65.0, 32위)
  - 007160 Stock_007160: 수익률 -9.38% (점수 63.4, 43위)
  - 016880 Stock_016880: 수익률 -9.34% (점수 62.0, 72위)
  - 281820 Stock_281820: 수익률 -7.59% (점수 63.2, 47위)
  - 085620 Stock_085620: 수익률 -5.35% (점수 N/A, N/A)
  - 006660 Stock_006660: 수익률 -4.99% (점수 62.3, 62위)
  - 016360 Stock_016360: 수익률 -3.33% (점수 59.7, 104위)
  - 000270 Stock_000270: 수익률 -2.42% (점수 62.9, 50위)
  - 487570 Stock_487570: 수익률 -1.40% (점수 N/A, N/A)
  - 086280 Stock_086280: 수익률 -1.00% (점수 62.2, 67위)
  - 002900 Stock_002900: 수익률 -0.79% (점수 63.3, 44위)
  - 139130 Stock_139130: 수익률 -0.76% (점수 63.7, 39위)
  - 192400 Stock_192400: 수익률 -0.49% (점수 62.5, 57위)
  - 071050 Stock_071050: 수익률 -0.31% (점수 62.6, 55위)
  - 004000 Stock_004000: 수익률 -0.11% (점수 65.5, 29위)
  - 072710 Stock_072710: 수익률 +0.22% (점수 64.1, 35위)
  - 036530 Stock_036530: 수익률 +0.50% (점수 64.1, 34위)
  - 030610 Stock_030610: 수익률 +1.58% (점수 62.6, 56위)
  - 136490 Stock_136490: 수익률 +2.08% (점수 N/A, N/A)
  - 069960 Stock_069960: 수익률 +2.76% (점수 62.0, 69위)
  - 030190 Stock_030190: 수익률 +4.35% (점수 62.4, 61위)
  - 005440 Stock_005440: 수익률 +5.60% (점수 63.7, 38위)
  - 248170 Stock_248170: 수익률 +5.80% (점수 N/A, N/A)
  - 234080 Stock_234080: 수익률 +6.44% (점수 65.7, 27위)

📊 실제 매도 안 된 종목 중 신규 로직에서는 매도될 종목:
--------------------------------------------------------------------------------
  - 039490 키움증권: 포트폴리오 조정 (999위, 점수 64.4)

================================================================================
테스트 완료!
================================================================================
